// Jest Snapshot v1, https://goo.gl/fbAQLP

exports[`<Header /> Should render and match the snapshot 1`] = `
<header>
  <nav
    class="row px-0 navbar navbar-expand-lg navbar"
  >
    <div
      class="col-6 col-lg-auto"
    >
      <a
        class="navbar-brand"
        to="/"
      >
        <img
          alt=""
          src=""
        />
      </a>
    </div>
    <div
      class="lg-hide col-12"
    >
      <button
        aria-hidden="true"
        aria-label="Toggle navigation"
        class="navbar-toggler"
        type="button"
      >
        <span
          class="navbar-toggler-icon"
        />
      </button>
    </div>
    <div
      class="col"
    >
      <div
        class="collapse navbar-collapse"
      >
        <ul
          class="navbar-nav"
        >
          <li
            class="nav-item"
          >
            <a
              class="nav-link"
              title="Dashboard"
              to="/"
            >
              Dashboard
            </a>
          </li>
          <li
            class="nav-item"
          >
            <a
              class="nav-link"
              title="Funds Listing"
              to="/fund-listing"
            >
              Funds Listing
            </a>
          </li>
          <li
            class="nav-item"
          >
            <a
              class="nav-link"
              title="My Profile"
              to="/my-profile"
            >
              My Profile
            </a>
          </li>
        </ul>
      </div>
    </div>
  </nav>
  <hr />
</header>
`;
